
> vibepost@0.1.0 build
> next build

Γû▓ Next.js 16.1.6 (Turbopack)
- Environments: .env.local

  Creating an optimized production build ...
node.exe : 
At line:1 char:1
+ & "C:\Program Files\nodejs/node.exe" 
"C:\Program Files\nodejs/node_mo ...
+ ~~~~~~~~~~~~~~~~~~~~~~~~~~~~~~~~~~~~~~~~~~~~
~~~~~~~~~~~~~~~~~~~~~~~~~
    + CategoryInfo          : NotSpecified: ( 
   :String) [], RemoteException
    + FullyQualifiedErrorId : NativeCommandEr 
   ror
 
> Build error occurred
Error: Turbopack build failed with 1 errors:
./app/api/cron/process-queue/route.ts:6:1
Module not found: Can't resolve 
'@react-email/render'
[0m [90m 4 |[39m [36mimport[39m { 
[33mGroq[39m } [36mfrom[39m 
[32m"groq-sdk"[39m[33m;[39m
 [90m 5 |[39m [36mimport[39m { 
[33mBirthdayCardEmail[39m } [36mfrom[39m 
[32m"@/components/emails/BirthdayCardEmail"[3
9m[33m;[39m
[31m[1m>[22m[39m[90m 6 |[39m 
[36mimport[39m { render } [36mfrom[39m 
[32m"@react-email/render"[39m[33m;[39m
 [90m   |[39m [31m[1m^[22m[39m[31m[1m^
[22m[39m[31m[1m^[22m[39m[31m[1m^[22m
[39m[31m[1m^[22m[39m[31m[1m^[22m[39m[
31m[1m^[22m[39m[31m[1m^[22m[39m[31m[1
m^[22m[39m[31m[1m^[22m[39m[31m[1m^[22
m[39m[31m[1m^[22m[39m[31m[1m^[22m[39m
[31m[1m^[22m[39m[31m[1m^[22m[39m[31m
[1m^[22m[39m[31m[1m^[22m[39m[31m[1m^[
22m[39m[31m[1m^[22m[39m[31m[1m^[22m[3
9m[31m[1m^[22m[39m[31m[1m^[22m[39m[31
m[1m^[22m[39m[31m[1m^[22m[39m[31m[1m^
[22m[39m[31m[1m^[22m[39m[31m[1m^[22m
[39m[31m[1m^[22m[39m[31m[1m^[22m[39m[
31m[1m^[22m[39m[31m[1m^[22m[39m[31m[1
m^[22m[39m[31m[1m^[22m[39m[31m[1m^[22
m[39m[31m[1m^[22m[39m[31m[1m^[22m[39m
[31m[1m^[22m[39m[31m[1m^[22m[39m[31m
[1m^[22m[39m[31m[1m^[22m[39m[31m[1m^[
22m[39m[31m[1m^[22m[39m[31m[1m^[22m[3
9m[31m[1m^[22m[39m[31m[1m^[22m[39m
 [90m 7 |[39m
 [90m 8 |[39m [90m// Initialize external 
services[39m
 [90m 9 |[39m [36mconst[39m resend 
[33m=[39m [36mnew[39m [33mResend[39m(pro
cess[33m.[39menv[33m.[39m[33mRESEND_API_K
EY[39m[33m![39m)[33m;[39m[0m



https://nextjs.org/docs/messages/module-not-fo
und


    at <unknown> 
(./app/api/cron/process-queue/route.ts:6:1)
    at <unknown> (https://nextjs.org/docs/mess
ages/module-not-found)
