components/dashboard/csv-importer.tsx(50,50): error TS2339: Property 'errors' does not exist on type 'ZodError<{ full_name: string; email: string; birth_month: number; birth_day: number; role_title?: string | undefined; department?: string | undefined; }>'.
components/dashboard/csv-importer.tsx(50,62): error TS7006: Parameter 'e' implicitly has an 'any' type.
components/ui/sidebar.tsx(78,14): error TS2322: Type '{ ref?: Ref<HTMLDivElement> | undefined; key?: Key | null | undefined; defaultChecked?: boolean | undefined; defaultValue?: string | number | readonly string[] | undefined; ... 276 more ...; onTransitionStartCapture?: TransitionEventHandler<...> | undefined; }' is not assignable to type 'Omit<HTMLMotionProps<"div">, "ref">'.
  Types of property 'onDrag' are incompatible.
    Type 'DragEventHandler<HTMLDivElement> | undefined' is not assignable to type '((event: MouseEvent | PointerEvent | TouchEvent, info: PanInfo) => void) | undefined'.
      Type 'DragEventHandler<HTMLDivElement>' is not assignable to type '(event: MouseEvent | PointerEvent | TouchEvent, info: PanInfo) => void'.
        Types of parameters 'event' and 'event' are incompatible.
          Type 'MouseEvent | PointerEvent | TouchEvent' is not assignable to type 'DragEvent<HTMLDivElement>'.
            Type 'MouseEvent' is missing the following properties from type 'DragEvent<HTMLDivElement>': dataTransfer, nativeEvent, isDefaultPrevented, isPropagationStopped, persist
components/ui/sidebar.tsx(137,21): error TS2322: Type 'ReactNode | MotionValueNumber | MotionValueString' is not assignable to type 'ReactNode'.
  Type 'MotionValueNumber' is not assignable to type 'ReactNode'.
